eeschema (2013-jul-07)-stable  >> Creation date: Wed Sep  2 17:49:39 2015
#Cmp ( order = Reference )
| C1         100uF       
| C2         100nF       
| C3         100nF       
| C4         100nF       
| C5         100uF       
| C6         100uF       
| C7         100nF       
| C8         100nF       
| C9         100nF       
| C10        100uF       
| C11        10uF        
| C12        10uF        
| C13        47nF        
| C14        47nF        
| C15        47nF        
| C16        47nF        
| D1         DIODESCH    
| D2         DIODESCH    
| IC1        ATMEGA328-P 
| J1         RST         
| J2         STEPPER     
| J3         V_IN        
| J4         GND         
| J5         ENDSTOP     
| J6         PWR         
| J7         AD_PROG_D8  
| J8         V_IN        
| J9         PWR_D10     
| J10        PWR_D10     
| J11        V_IN        
| J12        PWR_D9      
| J13        PWR_D9      
| J14        T0          
| J15        T1          
| LED1       ENDSTOP     
| LED2       SIGNAL_D13  
| LED3       D10         
| LED4       D9          
| P1         BUS         
| P2         SERIAL      
| P3         mount       
| P4         mount       
| P5         mount       
| P6         mount       
| Q1         IRFB4019    
| Q2         IRFB4019    
| R1         10K         
| R2         100R        
| R3         680R        
| R4         1K          
| R5         220R        
| R6         220R        
| R7         4K7         
| R8         4K7         
| R9         1K          
| R10        1K          
| R11        10K         
| R12        10K         
| U1         POLOLU_A4988
| Y1         16MHz       
#End Cmp

#Cmp ( order = Value )
| 47nF         C13       
| 47nF         C14       
| 47nF         C15       
| 47nF         C16       
| 100nF        C2        
| 100nF        C3        
| 100nF        C4        
| 100nF        C7        
| 100nF        C8        
| 100nF        C9        
| 10uF         C11       
| 10uF         C12       
| 100uF        C1        
| 100uF        C5        
| 100uF        C6        
| 100uF        C10       
| DIODESCH     D1        
| DIODESCH     D2        
| ATMEGA328-P  IC1       
| RST          J1        
| STEPPER      J2        
| V_IN         J3        
| GND          J4        
| ENDSTOP      J5        
| PWR          J6        
| AD_PROG_D8   J7        
| V_IN         J8        
| PWR_D10      J9        
| PWR_D10      J10       
| V_IN         J11       
| PWR_D9       J12       
| PWR_D9       J13       
| T0           J14       
| T1           J15       
| ENDSTOP      LED1      
| SIGNAL_D13   LED2      
| D10          LED3      
| D9           LED4      
| BUS          P1        
| SERIAL       P2        
| mount        P3        
| mount        P4        
| mount        P5        
| mount        P6        
| IRFB4019     Q1        
| IRFB4019     Q2        
| 100R         R2        
| 220R         R5        
| 220R         R6        
| 680R         R3        
| 1K           R4        
| 1K           R9        
| 1K           R10       
| 4K7          R7        
| 4K7          R8        
| 10K          R1        
| 10K          R11       
| 10K          R12       
| POLOLU_A4988 U1        
| 16MHz        Y1        
#End Cmp

#End List
